{"id":"1767243317212-cxj70zjl0","timestamp":"2026-01-01T04:55:17.212Z","level":"success","category":"SERVER","message":"🚀 Servidor iniciado","details":{"port":5000,"host":"localhost","platform":"win32","nodeVersion":"v22.19.0"}}
{"id":"1767243423729-3431pupoo","timestamp":"2026-01-01T04:57:03.729Z","level":"info","category":"PHOTO","message":"📷 Subiendo foto","details":{"filename":"BMW-iX3-2026-10-68bad2e1ee03f.jpg","size":"697.75 KB"}}
{"id":"1767243423733-u5xhyv1di","timestamp":"2026-01-01T04:57:03.733Z","level":"success","category":"PHOTO","message":"✅ Foto subida","details":{"photoId":113,"filename":"BMW-iX3-2026-10-68bad2e1ee03f.jpg"}}
{"id":"1767243423739-q5q3fwlhs","timestamp":"2026-01-01T04:57:03.739Z","level":"info","category":"PHOTO","message":"📷 Subiendo foto","details":{"filename":"BMW-iX3-2026-8-68bad2dc5e2a9.jpg","size":"825.56 KB"}}
{"id":"1767243423742-8qrv6fo4g","timestamp":"2026-01-01T04:57:03.742Z","level":"success","category":"PHOTO","message":"✅ Foto subida","details":{"photoId":114,"filename":"BMW-iX3-2026-8-68bad2dc5e2a9.jpg"}}
{"id":"1767243423747-jjph8owpe","timestamp":"2026-01-01T04:57:03.747Z","level":"info","category":"PHOTO","message":"📷 Subiendo foto","details":{"filename":"BMW-iX3-2026-11-68bad2e46625a.jpg","size":"854.78 KB"}}
{"id":"1767243423750-7r6t006ss","timestamp":"2026-01-01T04:57:03.750Z","level":"success","category":"PHOTO","message":"✅ Foto subida","details":{"photoId":115,"filename":"BMW-iX3-2026-11-68bad2e46625a.jpg"}}
{"id":"1767243423751-0pwn7okyc","timestamp":"2026-01-01T04:57:03.751Z","level":"info","category":"PHOTO","message":"📷 Subiendo foto","details":{"filename":"BMW-iX3-2026-9-68bad2df4ed33.jpg","size":"1007.71 KB"}}
{"id":"1767243423756-jkvf9zcj0","timestamp":"2026-01-01T04:57:03.756Z","level":"success","category":"PHOTO","message":"✅ Foto subida","details":{"photoId":116,"filename":"BMW-iX3-2026-9-68bad2df4ed33.jpg"}}
{"id":"1767243430519-8729ucpot","timestamp":"2026-01-01T04:57:10.519Z","level":"info","category":"AUDIO","message":"🎤 Iniciando generación de audio"}
{"id":"1767243430522-ws9qaxgv6","timestamp":"2026-01-01T04:57:10.522Z","level":"info","category":"AUDIO","message":"Datos validados","details":{"voiceId":"CwhRBWXzGAHq8TQ4Fs17","textLength":19}}
{"id":"1767243430524-ixi41fc4x","timestamp":"2026-01-01T04:57:10.524Z","level":"info","category":"AUDIO","message":"Llamando a ElevenLabs API..."}
{"id":"1767243431617-j0b2uqhqf","timestamp":"2026-01-01T04:57:11.617Z","level":"success","category":"AUDIO","message":"Respuesta de ElevenLabs recibida"}
{"id":"1767243431620-ze7l58e0p","timestamp":"2026-01-01T04:57:11.620Z","level":"info","category":"AUDIO","message":"Archivo de audio guardado","details":{"filename":"audio_N6yt2EY--mN0sPiTvJxdO.mp3"}}
{"id":"1767243431686-fu95rllzj","timestamp":"2026-01-01T04:57:11.686Z","level":"info","category":"AUDIO","message":"Duración calculada","details":{"duration":"2s"}}
{"id":"1767243431689-xhuvijy98","timestamp":"2026-01-01T04:57:11.689Z","level":"success","category":"AUDIO","message":"✅ Audio generado exitosamente","details":{"audioId":117,"duration":"2s"}}
{"id":"1767243451374-d58fw5sj8","timestamp":"2026-01-01T04:57:31.374Z","level":"info","category":"VIDEO","message":"🎬 Iniciando generación de video","details":{"projectId":"YNfdIOsllwcjGaJFY4tHu"}}
{"id":"1767243451376-zt672w6lq","timestamp":"2026-01-01T04:57:31.376Z","level":"info","category":"VIDEO","message":"Datos validados","details":{"photoCount":4,"audioId":117,"hasBackgroundMusic":false}}
{"id":"1767243451377-xr31sez6n","timestamp":"2026-01-01T04:57:31.377Z","level":"success","category":"VIDEO","message":"Audio cargado","details":{"duration":2}}
{"id":"1767243451382-1a5o9xmpc","timestamp":"2026-01-01T04:57:31.382Z","level":"info","category":"VIDEO","message":"PASO 1: Generando video con fotos y logo (sin título)","details":{"photoCount":4}}
{"id":"1767243751492-0f6z7d80o","timestamp":"2026-01-01T05:02:31.492Z","level":"error","category":"VIDEO","message":"Error en generación de video","details":{"error":"Command failed: ffmpeg -y -loop 1 -t 0.5 -i \"C:\\Users\\Administrador\\Desktop\\software\\Reels Autos\\PhotoStoryMaker\\PhotoStoryMaker\\uploads\\photos\\1767243423713-350828328-BMW-iX3-2026-10-68bad2e1ee03f.jpg\" -loop 1 -t 0.5 -i \"C:\\Users\\Administrador\\Desktop\\software\\Reels Autos\\PhotoStoryMaker\\PhotoStoryMaker\\uploads\\photos\\1767243423716-916987796-BMW-iX3-2026-8-68bad2dc5e2a9.jpg\" -loop 1 -t 0.5 -i \"C:\\Users\\Administrador\\Desktop\\software\\Reels Autos\\PhotoStoryMaker\\PhotoStoryMaker\\uploads\\photos\\1767243423715-609089867-BMW-iX3-2026-11-68bad2e46625a.jpg\" -loop 1 -t 0.5 -i \"C:\\Users\\Administrador\\Desktop\\software\\Reels Autos\\PhotoStoryMaker\\PhotoStoryMaker\\uploads\\photos\\1767243423711-876623197-BMW-iX3-2026-9-68bad2df4ed33.jpg\" -i \"C:\\Users\\Administrador\\Desktop\\software\\Reels Autos\\PhotoStoryMaker\\PhotoStoryMaker\\temp_video\\logo_L4s77A5y6HacOOXH3gxLl.png\" -i \"C:\\Users\\Administrador\\Desktop\\software\\Reels Autos\\PhotoStoryMaker\\PhotoStoryMaker\\uploads\\audios\\audio_N6yt2EY--mN0sPiTvJxdO.mp3\" -filter_complex \"[0:v]scale=1280:720:force_original_aspect_ratio=increase,crop=1280:720,setsar=1:1[v0];[1:v]scale=1280:720:force_original_aspect_ratio=increase,crop=1280:720,setsar=1:1[v1];[2:v]scale=1280:720:force_original_aspect_ratio=increase,crop=1280:720,setsar=1:1[v2];[3:v]scale=1280:720:force_original_aspect_ratio=increase,crop=1280:720,setsar=1:1[v3];[4:v]scale=-1:64[logo];[v0][v1][v2][v3]concat=n=4:v=1:a=0[vbase];[vbase][logo]overlay=W-w-10:10[outv]\" -map \"[outv]\" -map 5:a -c:v libx264 -preset ultrafast -threads 0 -c:a aac -b:a 192k -pix_fmt yuv420p -r 30 -shortest \"C:\\Users\\Administrador\\Desktop\\software\\Reels Autos\\PhotoStoryMaker\\PhotoStoryMaker\\temp_video\\video_no_title_SBUBl4qN6ZfShJTHeUjmz.mp4\"\n"}}
{"id":"1767243753133-qicdqfn1g","timestamp":"2026-01-01T05:02:33.133Z","level":"success","category":"VIDEO","message":"✅ Video generado exitosamente en 301.76s","details":{"videoId":119,"filename":"video_rj_npqhNQrmHGp1ZCEj8C.mp4","duration":"301.76s"}}
{"id":"1767244006082-btt05y1rx","timestamp":"2026-01-01T05:06:46.082Z","level":"success","category":"SERVER","message":"🚀 Servidor iniciado","details":{"port":5000,"host":"localhost","platform":"win32","nodeVersion":"v22.19.0"}}
{"id":"1767244102396-wns8348ym","timestamp":"2026-01-01T05:08:22.396Z","level":"success","category":"SERVER","message":"🚀 Servidor iniciado","details":{"port":5000,"host":"localhost","platform":"win32","nodeVersion":"v22.19.0"}}
{"id":"1767244207066-w4x0v6u1g","timestamp":"2026-01-01T05:10:07.066Z","level":"success","category":"SERVER","message":"🚀 Servidor iniciado","details":{"port":5000,"host":"localhost","platform":"win32","nodeVersion":"v22.19.0"}}
{"id":"1767280136845-np5fhd1nm","timestamp":"2026-01-01T15:08:56.845Z","level":"info","category":"PHOTO","message":"📷 Subiendo foto","details":{"filename":"BMW-iX3-2026-10-68bad2e1ee03f.jpg","size":"697.75 KB"}}
{"id":"1767280136852-4pxt3h2yc","timestamp":"2026-01-01T15:08:56.852Z","level":"success","category":"PHOTO","message":"✅ Foto subida","details":{"photoId":120,"filename":"BMW-iX3-2026-10-68bad2e1ee03f.jpg"}}
{"id":"1767280136857-ige6dd46l","timestamp":"2026-01-01T15:08:56.857Z","level":"info","category":"PHOTO","message":"📷 Subiendo foto","details":{"filename":"BMW-iX3-2026-8-68bad2dc5e2a9.jpg","size":"825.56 KB"}}
{"id":"1767280136860-n1jyzgf4d","timestamp":"2026-01-01T15:08:56.860Z","level":"success","category":"PHOTO","message":"✅ Foto subida","details":{"photoId":121,"filename":"BMW-iX3-2026-8-68bad2dc5e2a9.jpg"}}
{"id":"1767280136868-mo6aq6vxh","timestamp":"2026-01-01T15:08:56.868Z","level":"info","category":"PHOTO","message":"📷 Subiendo foto","details":{"filename":"BMW-iX3-2026-11-68bad2e46625a.jpg","size":"854.78 KB"}}
{"id":"1767280136876-7o421jd30","timestamp":"2026-01-01T15:08:56.876Z","level":"success","category":"PHOTO","message":"✅ Foto subida","details":{"photoId":122,"filename":"BMW-iX3-2026-11-68bad2e46625a.jpg"}}
{"id":"1767280136882-k7btrx60m","timestamp":"2026-01-01T15:08:56.882Z","level":"info","category":"PHOTO","message":"📷 Subiendo foto","details":{"filename":"BMW-iX3-2026-9-68bad2df4ed33.jpg","size":"1007.71 KB"}}
{"id":"1767280136887-9ktrn2ulj","timestamp":"2026-01-01T15:08:56.887Z","level":"success","category":"PHOTO","message":"✅ Foto subida","details":{"photoId":123,"filename":"BMW-iX3-2026-9-68bad2df4ed33.jpg"}}
{"id":"1767280158916-ozzou6usm","timestamp":"2026-01-01T15:09:18.916Z","level":"info","category":"AUDIO","message":"🎤 Iniciando generación de audio"}
{"id":"1767280158918-swbawfbzi","timestamp":"2026-01-01T15:09:18.918Z","level":"info","category":"AUDIO","message":"Datos validados","details":{"voiceId":"CwhRBWXzGAHq8TQ4Fs17","textLength":30}}
{"id":"1767280158919-3x6puuz8e","timestamp":"2026-01-01T15:09:18.919Z","level":"info","category":"AUDIO","message":"Llamando a ElevenLabs API..."}
{"id":"1767280160332-7isxf3eal","timestamp":"2026-01-01T15:09:20.332Z","level":"success","category":"AUDIO","message":"Respuesta de ElevenLabs recibida"}
{"id":"1767280160335-4ab8su0js","timestamp":"2026-01-01T15:09:20.335Z","level":"info","category":"AUDIO","message":"Archivo de audio guardado","details":{"filename":"audio_VCMe13glol3-psWfuYdfE.mp3"}}
{"id":"1767280160456-evbijli8g","timestamp":"2026-01-01T15:09:20.456Z","level":"info","category":"AUDIO","message":"Duración calculada","details":{"duration":"2s"}}
{"id":"1767280160460-86norr1av","timestamp":"2026-01-01T15:09:20.460Z","level":"success","category":"AUDIO","message":"✅ Audio generado exitosamente","details":{"audioId":124,"duration":"2s"}}
{"id":"1767280386539-7ba1wh7zf","timestamp":"2026-01-01T15:13:06.539Z","level":"info","category":"VIDEO","message":"🎬 Iniciando generación de video","details":{"projectId":"-B48VW1VENEdlT29QIQB_"}}
{"id":"1767280386541-fwb9kkw00","timestamp":"2026-01-01T15:13:06.541Z","level":"info","category":"VIDEO","message":"Datos validados","details":{"photoCount":4,"audioId":124,"hasBackgroundMusic":true}}
{"id":"1767280386542-p9dc8u5bk","timestamp":"2026-01-01T15:13:06.542Z","level":"success","category":"VIDEO","message":"Audio cargado","details":{"duration":2}}
{"id":"1767280386548-sj0atar7z","timestamp":"2026-01-01T15:13:06.548Z","level":"info","category":"VIDEO","message":"PASO 1: Generando video con fotos y logo (sin título)","details":{"photoCount":4,"hasLogo":true,"audioPath":"C:\\Users\\Administrador\\Desktop\\software\\Reels Autos\\PhotoStoryMaker\\PhotoStoryMaker\\uploads\\audios\\audio_VCMe13glol3-psWfuYdfE.mp3"}}
{"id":"1767280386549-rg80npr6v","timestamp":"2026-01-01T15:13:06.549Z","level":"info","category":"FFMPEG","message":"⏳ Iniciando: Generar video con 4 fotos (paso 1)","details":{"timeout":"900s"}}
{"id":"1767280986548-01flavtmm","timestamp":"2026-01-01T15:23:06.548Z","level":"info","category":"VIDEO","message":"🎬 Iniciando generación de video","details":{"projectId":"-B48VW1VENEdlT29QIQB_"}}
{"id":"1767280986550-sdn466frs","timestamp":"2026-01-01T15:23:06.550Z","level":"info","category":"VIDEO","message":"Datos validados","details":{"photoCount":4,"audioId":124,"hasBackgroundMusic":true}}
{"id":"1767280986552-4y6mn1nxn","timestamp":"2026-01-01T15:23:06.552Z","level":"success","category":"VIDEO","message":"Audio cargado","details":{"duration":2}}
{"id":"1767280986561-rvoocm88r","timestamp":"2026-01-01T15:23:06.561Z","level":"info","category":"VIDEO","message":"PASO 1: Generando video con fotos y logo (sin título)","details":{"photoCount":4,"hasLogo":true,"audioPath":"C:\\Users\\Administrador\\Desktop\\software\\Reels Autos\\PhotoStoryMaker\\PhotoStoryMaker\\uploads\\audios\\audio_VCMe13glol3-psWfuYdfE.mp3"}}
{"id":"1767280986563-fxv6r36i9","timestamp":"2026-01-01T15:23:06.563Z","level":"info","category":"FFMPEG","message":"⏳ Iniciando: Generar video con 4 fotos (paso 1)","details":{"timeout":"900s"}}
{"id":"1767281286678-wt89b62fy","timestamp":"2026-01-01T15:28:06.678Z","level":"error","category":"FFMPEG","message":"❌ Error en Generar video con 4 fotos (paso 1)","details":{"duration":"900.13s","isTimeout":true,"error":"Command failed: ffmpeg -y -loop 1 -t 0.5 -i \"C:\\Users\\Administrador\\Desktop\\software\\Reels Autos\\PhotoStoryMaker\\PhotoStoryMaker\\uploads\\photos\\1767280136829-309111707-BMW-iX3-2026-10-68bad2e1ee03f.jp"}}
{"id":"1767281286682-zw4603rby","timestamp":"2026-01-01T15:28:06.682Z","level":"error","category":"VIDEO","message":"Error en generación de video","details":{"error":"Command failed: ffmpeg -y -loop 1 -t 0.5 -i \"C:\\Users\\Administrador\\Desktop\\software\\Reels Autos\\PhotoStoryMaker\\PhotoStoryMaker\\uploads\\photos\\1767280136829-309111707-BMW-iX3-2026-10-68bad2e1ee03f.jpg\" -loop 1 -t 0.5 -i \"C:\\Users\\Administrador\\Desktop\\software\\Reels Autos\\PhotoStoryMaker\\PhotoStoryMaker\\uploads\\photos\\1767280136834-57589988-BMW-iX3-2026-8-68bad2dc5e2a9.jpg\" -loop 1 -t 0.5 -i \"C:\\Users\\Administrador\\Desktop\\software\\Reels Autos\\PhotoStoryMaker\\PhotoStoryMaker\\uploads\\photos\\1767280136835-364704265-BMW-iX3-2026-11-68bad2e46625a.jpg\" -loop 1 -t 0.5 -i \"C:\\Users\\Administrador\\Desktop\\software\\Reels Autos\\PhotoStoryMaker\\PhotoStoryMaker\\uploads\\photos\\1767280136836-985573970-BMW-iX3-2026-9-68bad2df4ed33.jpg\" -i \"C:\\Users\\Administrador\\Desktop\\software\\Reels Autos\\PhotoStoryMaker\\PhotoStoryMaker\\temp_video\\logo_0oRcbzPNgiBMlDRM55vn-.png\" -i \"C:\\Users\\Administrador\\Desktop\\software\\Reels Autos\\PhotoStoryMaker\\PhotoStoryMaker\\uploads\\audios\\audio_VCMe13glol3-psWfuYdfE.mp3\" -filter_complex \"[0:v]scale=1280:720:force_original_aspect_ratio=increase,crop=1280:720,setsar=1:1[v0];[1:v]scale=1280:720:force_original_aspect_ratio=increase,crop=1280:720,setsar=1:1[v1];[2:v]scale=1280:720:force_original_aspect_ratio=increase,crop=1280:720,setsar=1:1[v2];[3:v]scale=1280:720:force_original_aspect_ratio=increase,crop=1280:720,setsar=1:1[v3];[4:v]scale=-1:64[logo];[v0][v1][v2][v3]concat=n=4:v=1:a=0[vbase];[vbase][logo]overlay=W-w-10:10[outv]\" -map \"[outv]\" -map 5:a -c:v libx264 -preset ultrafast -threads 0 -c:a aac -b:a 192k -pix_fmt yuv420p -r 30 -shortest \"C:\\Users\\Administrador\\Desktop\\software\\Reels Autos\\PhotoStoryMaker\\PhotoStoryMaker\\temp_video\\video_no_title_Tn1PTC6xRmtTucspZoJ1l.mp4\"\n"}}
{"id":"1767281286694-4ifav3kna","timestamp":"2026-01-01T15:28:06.694Z","level":"info","category":"FFMPEG","message":"⏳ Iniciando: Procesar foto 1/4","details":{"timeout":"120s"}}
{"id":"1767281287031-56ezabfbc","timestamp":"2026-01-01T15:28:07.031Z","level":"success","category":"FFMPEG","message":"✅ Procesar foto 1/4 completado","details":{"duration":"0.34s"}}
{"id":"1767281287031-l8yyhu39n","timestamp":"2026-01-01T15:28:07.031Z","level":"info","category":"FFMPEG","message":"⏳ Iniciando: Procesar foto 2/4","details":{"timeout":"120s"}}
{"id":"1767281287322-ps0qx1lja","timestamp":"2026-01-01T15:28:07.322Z","level":"success","category":"FFMPEG","message":"✅ Procesar foto 2/4 completado","details":{"duration":"0.29s"}}
{"id":"1767281287323-kdca306j3","timestamp":"2026-01-01T15:28:07.323Z","level":"info","category":"FFMPEG","message":"⏳ Iniciando: Procesar foto 3/4","details":{"timeout":"120s"}}
{"id":"1767281287609-ne9t2p5hm","timestamp":"2026-01-01T15:28:07.609Z","level":"success","category":"FFMPEG","message":"✅ Procesar foto 3/4 completado","details":{"duration":"0.29s"}}
{"id":"1767281287610-99j1f6sgg","timestamp":"2026-01-01T15:28:07.610Z","level":"info","category":"FFMPEG","message":"⏳ Iniciando: Procesar foto 4/4","details":{"timeout":"120s"}}
{"id":"1767281287927-5nt3viam7","timestamp":"2026-01-01T15:28:07.927Z","level":"success","category":"FFMPEG","message":"✅ Procesar foto 4/4 completado","details":{"duration":"0.32s"}}
{"id":"1767281287929-frcrc68t7","timestamp":"2026-01-01T15:28:07.929Z","level":"info","category":"FFMPEG","message":"⏳ Iniciando: Concatenar fotos","details":{"timeout":"180s"}}
{"id":"1767281288208-envy2cywk","timestamp":"2026-01-01T15:28:08.208Z","level":"success","category":"FFMPEG","message":"✅ Concatenar fotos completado","details":{"duration":"0.28s"}}
{"id":"1767281288208-s5j72mr8i","timestamp":"2026-01-01T15:28:08.208Z","level":"info","category":"FFMPEG","message":"⏳ Iniciando: Combinar video con audio","details":{"timeout":"120s"}}
{"id":"1767281288468-up992wxf9","timestamp":"2026-01-01T15:28:08.468Z","level":"success","category":"FFMPEG","message":"✅ Combinar video con audio completado","details":{"duration":"0.26s"}}
{"id":"1767281288473-0au4uq83o","timestamp":"2026-01-01T15:28:08.473Z","level":"success","category":"VIDEO","message":"✅ Video generado exitosamente en 901.93s","details":{"videoId":127,"filename":"video_IAO0U4lUBjwOHX9Che0nK.mp4","duration":"901.93s"}}
{"id":"1767281742132-xiflonpw0","timestamp":"2026-01-01T15:35:42.132Z","level":"success","category":"SERVER","message":"🚀 Servidor iniciado","details":{"port":5000,"host":"localhost","platform":"win32","nodeVersion":"v22.19.0"}}
{"id":"1767281851962-5f55v2ugh","timestamp":"2026-01-01T15:37:31.962Z","level":"success","category":"SERVER","message":"🚀 Servidor iniciado","details":{"port":5000,"host":"localhost","platform":"win32","nodeVersion":"v22.19.0"}}
{"id":"1767281979103-n8cqfsmus","timestamp":"2026-01-01T15:39:39.103Z","level":"success","category":"SERVER","message":"🚀 Servidor iniciado","details":{"port":5000,"host":"localhost","platform":"win32","nodeVersion":"v22.19.0"}}
{"id":"1767282164603-djkg1t3xn","timestamp":"2026-01-01T15:42:44.603Z","level":"success","category":"SERVER","message":"🚀 Servidor iniciado","details":{"port":5000,"host":"localhost","platform":"win32","nodeVersion":"v22.19.0"}}
{"id":"1767282254486-60dd87wdo","timestamp":"2026-01-01T15:44:14.486Z","level":"info","category":"PHOTO","message":"📷 Subiendo foto","details":{"filename":"BMW-iX3-2026-10-68bad2e1ee03f.jpg","size":"697.75 KB"}}
{"id":"1767282254490-psch3o947","timestamp":"2026-01-01T15:44:14.490Z","level":"success","category":"PHOTO","message":"✅ Foto subida","details":{"photoId":128,"filename":"BMW-iX3-2026-10-68bad2e1ee03f.jpg"}}
{"id":"1767282254495-zrg0670x8","timestamp":"2026-01-01T15:44:14.495Z","level":"info","category":"PHOTO","message":"📷 Subiendo foto","details":{"filename":"BMW-iX3-2026-8-68bad2dc5e2a9.jpg","size":"825.56 KB"}}
{"id":"1767282254497-bhs99dfy3","timestamp":"2026-01-01T15:44:14.497Z","level":"success","category":"PHOTO","message":"✅ Foto subida","details":{"photoId":129,"filename":"BMW-iX3-2026-8-68bad2dc5e2a9.jpg"}}
{"id":"1767282254499-frdeiosjk","timestamp":"2026-01-01T15:44:14.499Z","level":"info","category":"PHOTO","message":"📷 Subiendo foto","details":{"filename":"BMW-iX3-2026-11-68bad2e46625a.jpg","size":"854.78 KB"}}
{"id":"1767282254503-yyh1ps80w","timestamp":"2026-01-01T15:44:14.503Z","level":"success","category":"PHOTO","message":"✅ Foto subida","details":{"photoId":130,"filename":"BMW-iX3-2026-11-68bad2e46625a.jpg"}}
{"id":"1767282254504-hkk2f1wib","timestamp":"2026-01-01T15:44:14.504Z","level":"info","category":"PHOTO","message":"📷 Subiendo foto","details":{"filename":"BMW-iX3-2026-9-68bad2df4ed33.jpg","size":"1007.71 KB"}}
{"id":"1767282254507-g1s75kfbi","timestamp":"2026-01-01T15:44:14.507Z","level":"success","category":"PHOTO","message":"✅ Foto subida","details":{"photoId":131,"filename":"BMW-iX3-2026-9-68bad2df4ed33.jpg"}}
{"id":"1767282268075-2f6to7f6s","timestamp":"2026-01-01T15:44:28.075Z","level":"info","category":"AUDIO","message":"🎤 Iniciando generación de audio"}
{"id":"1767282268076-qou295656","timestamp":"2026-01-01T15:44:28.076Z","level":"info","category":"AUDIO","message":"Datos validados","details":{"voiceId":"CwhRBWXzGAHq8TQ4Fs17","textLength":31}}
{"id":"1767282268077-2zirifjna","timestamp":"2026-01-01T15:44:28.077Z","level":"info","category":"AUDIO","message":"Llamando a ElevenLabs API..."}
{"id":"1767282269237-o5ako9c1d","timestamp":"2026-01-01T15:44:29.237Z","level":"success","category":"AUDIO","message":"Respuesta de ElevenLabs recibida"}
{"id":"1767282269239-7fa6swy56","timestamp":"2026-01-01T15:44:29.239Z","level":"info","category":"AUDIO","message":"Archivo de audio guardado","details":{"filename":"audio_WDk5oRl9EGT-ziIRgafUd.mp3"}}
{"id":"1767282269307-88c53e566","timestamp":"2026-01-01T15:44:29.307Z","level":"info","category":"AUDIO","message":"Duración calculada","details":{"duration":"2s"}}
{"id":"1767282269309-n55nkzc5j","timestamp":"2026-01-01T15:44:29.309Z","level":"success","category":"AUDIO","message":"✅ Audio generado exitosamente","details":{"audioId":132,"duration":"2s"}}
{"id":"1767282306261-q98h3tila","timestamp":"2026-01-01T15:45:06.261Z","level":"info","category":"VIDEO","message":"🎬 Iniciando generación de video","details":{"projectId":"o7k8ikIGnmYWGwKUT2iyV"}}
{"id":"1767282306262-kmyk460gm","timestamp":"2026-01-01T15:45:06.262Z","level":"info","category":"VIDEO","message":"Datos validados","details":{"photoCount":4,"audioId":132,"hasBackgroundMusic":false}}
{"id":"1767282306263-jcg1xvx1l","timestamp":"2026-01-01T15:45:06.263Z","level":"success","category":"VIDEO","message":"Audio cargado","details":{"duration":2}}
{"id":"1767282306267-kom7j89z2","timestamp":"2026-01-01T15:45:06.267Z","level":"info","category":"VIDEO","message":"PASO 1: Generando video con fotos y logo (sin título)","details":{"photoCount":4,"hasLogo":true,"audioPath":"C:\\Users\\Administrador\\Desktop\\software\\Reels Autos\\PhotoStoryMaker\\PhotoStoryMaker\\uploads\\audios\\audio_WDk5oRl9EGT-ziIRgafUd.mp3"}}
{"id":"1767282306268-4j0sxujys","timestamp":"2026-01-01T15:45:06.268Z","level":"info","category":"FFMPEG","message":"⏳ Iniciando: Generar video con 4 fotos (paso 1)","details":{"timeout":"900s"}}
{"id":"1767282738370-3wsxrss93","timestamp":"2026-01-01T15:52:18.370Z","level":"success","category":"SERVER","message":"🚀 Servidor iniciado","details":{"port":5000,"host":"localhost","platform":"win32","nodeVersion":"v22.19.0"}}
{"id":"1767282830578-wn7y2ndg9","timestamp":"2026-01-01T15:53:50.578Z","level":"info","category":"PHOTO","message":"📷 Subiendo foto","details":{"filename":"1767215010801-546368589-BMW-iX3-2026-10-68bad2e1ee03f.jpg","size":"697.75 KB"}}
{"id":"1767282830584-0qxxl6ipd","timestamp":"2026-01-01T15:53:50.584Z","level":"success","category":"PHOTO","message":"✅ Foto subida","details":{"photoId":134,"filename":"1767215010801-546368589-BMW-iX3-2026-10-68bad2e1ee03f.jpg"}}
{"id":"1767282830595-7tsj8lzdp","timestamp":"2026-01-01T15:53:50.595Z","level":"info","category":"PHOTO","message":"📷 Subiendo foto","details":{"filename":"1767215010805-53542849-BMW-iX3-2026-8-68bad2dc5e2a9.jpg","size":"825.56 KB"}}
{"id":"1767282830598-0wzby3bit","timestamp":"2026-01-01T15:53:50.599Z","level":"success","category":"PHOTO","message":"✅ Foto subida","details":{"photoId":135,"filename":"1767215010805-53542849-BMW-iX3-2026-8-68bad2dc5e2a9.jpg"}}
{"id":"1767282830610-ii44xsprp","timestamp":"2026-01-01T15:53:50.610Z","level":"info","category":"PHOTO","message":"📷 Subiendo foto","details":{"filename":"1767215010806-542773014-BMW-iX3-2026-11-68bad2e46625a.jpg","size":"854.78 KB"}}
{"id":"1767282830613-i9d71sw9d","timestamp":"2026-01-01T15:53:50.613Z","level":"success","category":"PHOTO","message":"✅ Foto subida","details":{"photoId":136,"filename":"1767215010806-542773014-BMW-iX3-2026-11-68bad2e46625a.jpg"}}
{"id":"1767282830617-ghvze9xan","timestamp":"2026-01-01T15:53:50.617Z","level":"info","category":"AUDIO","message":"🎤 Iniciando generación de audio"}
{"id":"1767282830618-1llcsa47k","timestamp":"2026-01-01T15:53:50.618Z","level":"info","category":"AUDIO","message":"Datos validados","details":{"voiceId":"CwhRBWXzGAHq8TQ4Fs17","textLength":66}}
{"id":"1767282830619-4zgrsx4js","timestamp":"2026-01-01T15:53:50.619Z","level":"info","category":"AUDIO","message":"Llamando a ElevenLabs API..."}
{"id":"1767282832085-bc8u8l04g","timestamp":"2026-01-01T15:53:52.085Z","level":"success","category":"AUDIO","message":"Respuesta de ElevenLabs recibida"}
{"id":"1767282832088-axj938b2y","timestamp":"2026-01-01T15:53:52.088Z","level":"info","category":"AUDIO","message":"Archivo de audio guardado","details":{"filename":"audio_OfMz0QMSxpjCFlUq9CD5t.mp3"}}
{"id":"1767282832163-tytuwtqjf","timestamp":"2026-01-01T15:53:52.163Z","level":"info","category":"AUDIO","message":"Duración calculada","details":{"duration":"4s"}}
{"id":"1767282832168-33ldmq92z","timestamp":"2026-01-01T15:53:52.168Z","level":"success","category":"AUDIO","message":"✅ Audio generado exitosamente","details":{"audioId":137,"duration":"4s"}}
{"id":"1767282832178-u7l4kne9q","timestamp":"2026-01-01T15:53:52.178Z","level":"info","category":"VIDEO","message":"🎬 Iniciando generación de video","details":{"projectId":"ozmVIYGfIUmJoq99fiez-"}}
{"id":"1767282832180-zs3v417nw","timestamp":"2026-01-01T15:53:52.180Z","level":"info","category":"VIDEO","message":"Datos validados","details":{"photoCount":3,"audioId":137,"hasBackgroundMusic":false}}
{"id":"1767282832181-edojz00fw","timestamp":"2026-01-01T15:53:52.181Z","level":"success","category":"VIDEO","message":"Audio cargado","details":{"duration":4}}
{"id":"1767282832187-oxwrqeejz","timestamp":"2026-01-01T15:53:52.187Z","level":"info","category":"VIDEO","message":"🚀 Generando video con 3 fotos (método rápido)"}
{"id":"1767282832188-yqcaaaezs","timestamp":"2026-01-01T15:53:52.188Z","level":"info","category":"FFMPEG","message":"⏳ Iniciando: Foto 1/3","details":{"timeout":"30s"}}
{"id":"1767282832759-mlc69cynv","timestamp":"2026-01-01T15:53:52.759Z","level":"success","category":"FFMPEG","message":"✅ Foto 1/3 completado","details":{"duration":"0.57s"}}
{"id":"1767282832760-r1oysjah9","timestamp":"2026-01-01T15:53:52.760Z","level":"info","category":"FFMPEG","message":"⏳ Iniciando: Foto 2/3","details":{"timeout":"30s"}}
{"id":"1767282833360-cmtx3132e","timestamp":"2026-01-01T15:53:53.360Z","level":"success","category":"FFMPEG","message":"✅ Foto 2/3 completado","details":{"duration":"0.60s"}}
{"id":"1767282833361-e04vay9i6","timestamp":"2026-01-01T15:53:53.361Z","level":"info","category":"FFMPEG","message":"⏳ Iniciando: Foto 3/3","details":{"timeout":"30s"}}
{"id":"1767282833953-7ck54i44l","timestamp":"2026-01-01T15:53:53.953Z","level":"success","category":"FFMPEG","message":"✅ Foto 3/3 completado","details":{"duration":"0.59s"}}
{"id":"1767282833955-en31wkftg","timestamp":"2026-01-01T15:53:53.955Z","level":"info","category":"FFMPEG","message":"⏳ Iniciando: Concatenar","details":{"timeout":"30s"}}
{"id":"1767282834068-yag8ywsja","timestamp":"2026-01-01T15:53:54.068Z","level":"success","category":"FFMPEG","message":"✅ Concatenar completado","details":{"duration":"0.11s"}}
{"id":"1767282834069-n593mzvk4","timestamp":"2026-01-01T15:53:54.069Z","level":"info","category":"FFMPEG","message":"⏳ Iniciando: Añadir audio","details":{"timeout":"30s"}}
{"id":"1767282834314-bw7ycg1m3","timestamp":"2026-01-01T15:53:54.314Z","level":"success","category":"FFMPEG","message":"✅ Añadir audio completado","details":{"duration":"0.24s"}}
{"id":"1767282834315-jyv6325fk","timestamp":"2026-01-01T15:53:54.315Z","level":"info","category":"FFMPEG","message":"⏳ Iniciando: Añadir logo","details":{"timeout":"60s"}}
{"id":"1767282834649-115avf8bk","timestamp":"2026-01-01T15:53:54.649Z","level":"success","category":"FFMPEG","message":"✅ Añadir logo completado","details":{"duration":"0.33s"}}
{"id":"1767282834650-5se04w1zj","timestamp":"2026-01-01T15:53:54.650Z","level":"info","category":"FFMPEG","message":"⏳ Iniciando: Añadir título","details":{"timeout":"60s"}}
{"id":"1767282835054-vjag1owfs","timestamp":"2026-01-01T15:53:55.054Z","level":"success","category":"FFMPEG","message":"✅ Añadir título completado","details":{"duration":"0.40s"}}
{"id":"1767282835055-cyg44wrih","timestamp":"2026-01-01T15:53:55.055Z","level":"success","category":"VIDEO","message":"Título agregado"}
{"id":"1767282835059-24pzhijfl","timestamp":"2026-01-01T15:53:55.059Z","level":"success","category":"VIDEO","message":"Video generado con método rápido"}
{"id":"1767282835063-tbmec2zlm","timestamp":"2026-01-01T15:53:55.063Z","level":"success","category":"VIDEO","message":"✅ Video generado exitosamente en 2.88s","details":{"videoId":138,"filename":"video_hAFEUtbpztKDvuj2zNptM.mp4","duration":"2.88s"}}
{"id":"1767289036621-fbrqaknrd","timestamp":"2026-01-01T17:37:16.621Z","level":"success","category":"SERVER","message":"🚀 Servidor iniciado","details":{"port":5000,"host":"localhost","platform":"win32","nodeVersion":"v22.19.0"}}
{"id":"1767289153424-5wj7er2ll","timestamp":"2026-01-01T17:39:13.424Z","level":"info","category":"PHOTO","message":"📷 Subiendo foto","details":{"filename":"BMW-iX3-2026-10-68bad2e1ee03f.jpg","size":"697.75 KB"}}
{"id":"1767289153428-qcsv7e02x","timestamp":"2026-01-01T17:39:13.428Z","level":"success","category":"PHOTO","message":"✅ Foto subida","details":{"photoId":139,"filename":"BMW-iX3-2026-10-68bad2e1ee03f.jpg"}}
{"id":"1767289153432-h84vnglmc","timestamp":"2026-01-01T17:39:13.432Z","level":"info","category":"PHOTO","message":"📷 Subiendo foto","details":{"filename":"BMW-iX3-2026-8-68bad2dc5e2a9.jpg","size":"825.56 KB"}}
{"id":"1767289153436-u551zyfbt","timestamp":"2026-01-01T17:39:13.436Z","level":"success","category":"PHOTO","message":"✅ Foto subida","details":{"photoId":140,"filename":"BMW-iX3-2026-8-68bad2dc5e2a9.jpg"}}
{"id":"1767289153439-dftq7n47a","timestamp":"2026-01-01T17:39:13.439Z","level":"info","category":"PHOTO","message":"📷 Subiendo foto","details":{"filename":"BMW-iX3-2026-11-68bad2e46625a.jpg","size":"854.78 KB"}}
{"id":"1767289153442-i1kn3v239","timestamp":"2026-01-01T17:39:13.442Z","level":"success","category":"PHOTO","message":"✅ Foto subida","details":{"photoId":141,"filename":"BMW-iX3-2026-11-68bad2e46625a.jpg"}}
{"id":"1767289153446-3mfs7xkso","timestamp":"2026-01-01T17:39:13.446Z","level":"info","category":"PHOTO","message":"📷 Subiendo foto","details":{"filename":"BMW-iX3-2026-9-68bad2df4ed33.jpg","size":"1007.71 KB"}}
{"id":"1767289153449-f45ge3g4v","timestamp":"2026-01-01T17:39:13.449Z","level":"success","category":"PHOTO","message":"✅ Foto subida","details":{"photoId":142,"filename":"BMW-iX3-2026-9-68bad2df4ed33.jpg"}}
{"id":"1767289163975-ertglfy8e","timestamp":"2026-01-01T17:39:23.975Z","level":"info","category":"AUDIO","message":"🎤 Iniciando generación de audio"}
{"id":"1767289163977-pv47dqrfz","timestamp":"2026-01-01T17:39:23.977Z","level":"info","category":"AUDIO","message":"Datos validados","details":{"voiceId":"CwhRBWXzGAHq8TQ4Fs17","textLength":15}}
{"id":"1767289163979-cyqzd2q62","timestamp":"2026-01-01T17:39:23.979Z","level":"info","category":"AUDIO","message":"Llamando a ElevenLabs API..."}
{"id":"1767289165024-1kd8yxsqf","timestamp":"2026-01-01T17:39:25.024Z","level":"success","category":"AUDIO","message":"Respuesta de ElevenLabs recibida"}
{"id":"1767289165026-3xokd06ib","timestamp":"2026-01-01T17:39:25.026Z","level":"info","category":"AUDIO","message":"Archivo de audio guardado","details":{"filename":"audio_7TZtm2tbtPYzUfmeFKLap.mp3"}}
{"id":"1767289165144-7gjlyvua0","timestamp":"2026-01-01T17:39:25.144Z","level":"info","category":"AUDIO","message":"Duración calculada","details":{"duration":"1s"}}
{"id":"1767289165148-uu6ndp486","timestamp":"2026-01-01T17:39:25.148Z","level":"success","category":"AUDIO","message":"✅ Audio generado exitosamente","details":{"audioId":143,"duration":"1s"}}
{"id":"1767289178636-ppuht0u47","timestamp":"2026-01-01T17:39:38.636Z","level":"info","category":"VIDEO","message":"🎬 Iniciando generación de video","details":{"projectId":"34j5Dudp1981-ELfjts5V"}}
{"id":"1767289178638-q3q1ziqwg","timestamp":"2026-01-01T17:39:38.638Z","level":"info","category":"VIDEO","message":"Datos validados","details":{"photoCount":4,"audioId":143,"hasBackgroundMusic":false}}
{"id":"1767289178639-r7jfkydkh","timestamp":"2026-01-01T17:39:38.639Z","level":"success","category":"VIDEO","message":"Audio cargado","details":{"duration":1}}
{"id":"1767289178647-7yv3607eb","timestamp":"2026-01-01T17:39:38.647Z","level":"info","category":"VIDEO","message":"🚀 Generando video con 4 fotos (método rápido)"}
{"id":"1767289178649-pzeurpz4y","timestamp":"2026-01-01T17:39:38.649Z","level":"info","category":"FFMPEG","message":"⏳ Iniciando: Foto 1/4","details":{"timeout":"30s"}}
{"id":"1767289178899-jjc2hrckq","timestamp":"2026-01-01T17:39:38.899Z","level":"success","category":"FFMPEG","message":"✅ Foto 1/4 completado","details":{"duration":"0.25s"}}
{"id":"1767289178900-c0m2fyq5e","timestamp":"2026-01-01T17:39:38.900Z","level":"info","category":"FFMPEG","message":"⏳ Iniciando: Foto 2/4","details":{"timeout":"30s"}}
{"id":"1767289179094-v9ntm2kjf","timestamp":"2026-01-01T17:39:39.094Z","level":"success","category":"FFMPEG","message":"✅ Foto 2/4 completado","details":{"duration":"0.19s"}}
{"id":"1767289179095-3t4pre5zp","timestamp":"2026-01-01T17:39:39.095Z","level":"info","category":"FFMPEG","message":"⏳ Iniciando: Foto 3/4","details":{"timeout":"30s"}}
{"id":"1767289179293-2t7spvppm","timestamp":"2026-01-01T17:39:39.293Z","level":"success","category":"FFMPEG","message":"✅ Foto 3/4 completado","details":{"duration":"0.20s"}}
{"id":"1767289179295-0ai5d25n8","timestamp":"2026-01-01T17:39:39.295Z","level":"info","category":"FFMPEG","message":"⏳ Iniciando: Foto 4/4","details":{"timeout":"30s"}}
{"id":"1767289179502-r3hov7pkv","timestamp":"2026-01-01T17:39:39.502Z","level":"success","category":"FFMPEG","message":"✅ Foto 4/4 completado","details":{"duration":"0.21s"}}
{"id":"1767289179504-mru79c8o8","timestamp":"2026-01-01T17:39:39.504Z","level":"info","category":"FFMPEG","message":"⏳ Iniciando: Concatenar","details":{"timeout":"30s"}}
{"id":"1767289179629-z7ugkg0mf","timestamp":"2026-01-01T17:39:39.629Z","level":"success","category":"FFMPEG","message":"✅ Concatenar completado","details":{"duration":"0.12s"}}
{"id":"1767289179630-zuc31s61p","timestamp":"2026-01-01T17:39:39.630Z","level":"info","category":"FFMPEG","message":"⏳ Iniciando: Añadir audio","details":{"timeout":"30s"}}
{"id":"1767289179810-nbgpsm4kl","timestamp":"2026-01-01T17:39:39.810Z","level":"success","category":"FFMPEG","message":"✅ Añadir audio completado","details":{"duration":"0.18s"}}
{"id":"1767289179812-lawrrvd53","timestamp":"2026-01-01T17:39:39.812Z","level":"info","category":"FFMPEG","message":"⏳ Iniciando: Añadir logo","details":{"timeout":"60s"}}
{"id":"1767289180049-v3miz4qs4","timestamp":"2026-01-01T17:39:40.049Z","level":"success","category":"FFMPEG","message":"✅ Añadir logo completado","details":{"duration":"0.24s"}}
{"id":"1767289180052-esggja1it","timestamp":"2026-01-01T17:39:40.052Z","level":"info","category":"FFMPEG","message":"⏳ Iniciando: Añadir título","details":{"timeout":"60s"}}
{"id":"1767289180290-2tdubktks","timestamp":"2026-01-01T17:39:40.290Z","level":"success","category":"FFMPEG","message":"✅ Añadir título completado","details":{"duration":"0.23s"}}
{"id":"1767289180291-b3x27ng2n","timestamp":"2026-01-01T17:39:40.291Z","level":"success","category":"VIDEO","message":"Título agregado"}
{"id":"1767289180295-hfxip0vyh","timestamp":"2026-01-01T17:39:40.295Z","level":"success","category":"VIDEO","message":"Video generado con método rápido"}
{"id":"1767289180299-4pleil6v1","timestamp":"2026-01-01T17:39:40.299Z","level":"success","category":"VIDEO","message":"✅ Video generado exitosamente en 1.66s","details":{"videoId":145,"filename":"video_tvKJxjRoTIrc_fKP-dNnG.mp4","duration":"1.66s"}}
{"id":"1767289665125-g1sd8nd1j","timestamp":"2026-01-01T17:47:45.125Z","level":"info","category":"PHOTO","message":"📷 Subiendo foto","details":{"filename":"BMW-iX3-2026-10-68bad2e1ee03f.jpg","size":"697.75 KB"}}
{"id":"1767289665128-movhwhek9","timestamp":"2026-01-01T17:47:45.128Z","level":"success","category":"PHOTO","message":"✅ Foto subida","details":{"photoId":146,"filename":"BMW-iX3-2026-10-68bad2e1ee03f.jpg"}}
{"id":"1767289665133-zcb7tgmo0","timestamp":"2026-01-01T17:47:45.133Z","level":"info","category":"PHOTO","message":"📷 Subiendo foto","details":{"filename":"BMW-iX3-2026-8-68bad2dc5e2a9.jpg","size":"825.56 KB"}}
{"id":"1767289665136-lufxd878c","timestamp":"2026-01-01T17:47:45.136Z","level":"success","category":"PHOTO","message":"✅ Foto subida","details":{"photoId":147,"filename":"BMW-iX3-2026-8-68bad2dc5e2a9.jpg"}}
{"id":"1767289665138-jk69ht7z9","timestamp":"2026-01-01T17:47:45.138Z","level":"info","category":"PHOTO","message":"📷 Subiendo foto","details":{"filename":"BMW-iX3-2026-13-68bad2e97ddba.jpg","size":"679.52 KB"}}
{"id":"1767289665141-h0se0gijo","timestamp":"2026-01-01T17:47:45.141Z","level":"success","category":"PHOTO","message":"✅ Foto subida","details":{"photoId":148,"filename":"BMW-iX3-2026-13-68bad2e97ddba.jpg"}}
{"id":"1767289665143-6yjad8uon","timestamp":"2026-01-01T17:47:45.143Z","level":"info","category":"PHOTO","message":"📷 Subiendo foto","details":{"filename":"BMW-iX3-2026-12-68bad2e7309a5.jpg","size":"753.98 KB"}}
{"id":"1767289665147-s32w2fois","timestamp":"2026-01-01T17:47:45.147Z","level":"success","category":"PHOTO","message":"✅ Foto subida","details":{"photoId":149,"filename":"BMW-iX3-2026-12-68bad2e7309a5.jpg"}}
{"id":"1767289665155-c9ot9694e","timestamp":"2026-01-01T17:47:45.155Z","level":"info","category":"PHOTO","message":"📷 Subiendo foto","details":{"filename":"BMW-iX3-2026-11-68bad2e46625a.jpg","size":"854.78 KB"}}
{"id":"1767289665158-9gaou7rp1","timestamp":"2026-01-01T17:47:45.158Z","level":"success","category":"PHOTO","message":"✅ Foto subida","details":{"photoId":150,"filename":"BMW-iX3-2026-11-68bad2e46625a.jpg"}}
{"id":"1767289665171-q3og3a88q","timestamp":"2026-01-01T17:47:45.171Z","level":"info","category":"PHOTO","message":"📷 Subiendo foto","details":{"filename":"BMW-iX3-2026-9-68bad2df4ed33.jpg","size":"1007.71 KB"}}
{"id":"1767289665173-b6ybr08ix","timestamp":"2026-01-01T17:47:45.173Z","level":"success","category":"PHOTO","message":"✅ Foto subida","details":{"photoId":151,"filename":"BMW-iX3-2026-9-68bad2df4ed33.jpg"}}
{"id":"1767289665177-fyaccvu8e","timestamp":"2026-01-01T17:47:45.177Z","level":"info","category":"PHOTO","message":"📷 Subiendo foto","details":{"filename":"BMW-iX3-2026-14-68bad2ec12db8.jpg","size":"649.43 KB"}}
{"id":"1767289665180-l8m16rfd4","timestamp":"2026-01-01T17:47:45.180Z","level":"success","category":"PHOTO","message":"✅ Foto subida","details":{"photoId":152,"filename":"BMW-iX3-2026-14-68bad2ec12db8.jpg"}}
{"id":"1767289665187-u7nzwsu9n","timestamp":"2026-01-01T17:47:45.187Z","level":"info","category":"PHOTO","message":"📷 Subiendo foto","details":{"filename":"BMW-iX3-2026-16-68bad2f2ce3cc.jpg","size":"721.07 KB"}}
{"id":"1767289665189-pes3jvvca","timestamp":"2026-01-01T17:47:45.189Z","level":"success","category":"PHOTO","message":"✅ Foto subida","details":{"photoId":153,"filename":"BMW-iX3-2026-16-68bad2f2ce3cc.jpg"}}
{"id":"1767289665194-o1yrrigc3","timestamp":"2026-01-01T17:47:45.194Z","level":"info","category":"PHOTO","message":"📷 Subiendo foto","details":{"filename":"BMW-iX3-2026-17-68bad2f56d75a.jpg","size":"791.65 KB"}}
{"id":"1767289665197-y5yonona5","timestamp":"2026-01-01T17:47:45.197Z","level":"success","category":"PHOTO","message":"✅ Foto subida","details":{"photoId":154,"filename":"BMW-iX3-2026-17-68bad2f56d75a.jpg"}}
{"id":"1767289838047-kx1mywyli","timestamp":"2026-01-01T17:50:38.047Z","level":"info","category":"PHOTO","message":"📷 Subiendo foto","details":{"filename":"BMW-iX3-2026-13-68bad2e97ddba.jpg","size":"679.52 KB"}}
{"id":"1767289838051-qqcvqoby2","timestamp":"2026-01-01T17:50:38.051Z","level":"success","category":"PHOTO","message":"✅ Foto subida","details":{"photoId":155,"filename":"BMW-iX3-2026-13-68bad2e97ddba.jpg"}}
{"id":"1767289838052-drob01nvu","timestamp":"2026-01-01T17:50:38.052Z","level":"info","category":"PHOTO","message":"📷 Subiendo foto","details":{"filename":"BMW-iX3-2026-12-68bad2e7309a5.jpg","size":"753.98 KB"}}
{"id":"1767289838055-lwdv9axgx","timestamp":"2026-01-01T17:50:38.055Z","level":"success","category":"PHOTO","message":"✅ Foto subida","details":{"photoId":156,"filename":"BMW-iX3-2026-12-68bad2e7309a5.jpg"}}
{"id":"1767289838061-fqbltglz5","timestamp":"2026-01-01T17:50:38.061Z","level":"info","category":"PHOTO","message":"📷 Subiendo foto","details":{"filename":"BMW-iX3-2026-14-68bad2ec12db8.jpg","size":"649.43 KB"}}
{"id":"1767289838063-pgqv9unc8","timestamp":"2026-01-01T17:50:38.063Z","level":"success","category":"PHOTO","message":"✅ Foto subida","details":{"photoId":157,"filename":"BMW-iX3-2026-14-68bad2ec12db8.jpg"}}
{"id":"1767289838067-jxaacffvm","timestamp":"2026-01-01T17:50:38.067Z","level":"info","category":"PHOTO","message":"📷 Subiendo foto","details":{"filename":"BMW-iX3-2026-8-68bad2dc5e2a9.jpg","size":"825.56 KB"}}
{"id":"1767289838069-40vjebfq6","timestamp":"2026-01-01T17:50:38.069Z","level":"success","category":"PHOTO","message":"✅ Foto subida","details":{"photoId":158,"filename":"BMW-iX3-2026-8-68bad2dc5e2a9.jpg"}}
{"id":"1767289838073-yjlsxrsxa","timestamp":"2026-01-01T17:50:38.073Z","level":"info","category":"PHOTO","message":"📷 Subiendo foto","details":{"filename":"BMW-iX3-2026-16-68bad2f2ce3cc.jpg","size":"721.07 KB"}}
{"id":"1767289838076-wrny8eq54","timestamp":"2026-01-01T17:50:38.076Z","level":"success","category":"PHOTO","message":"✅ Foto subida","details":{"photoId":159,"filename":"BMW-iX3-2026-16-68bad2f2ce3cc.jpg"}}
{"id":"1767289838084-yc3kf7yna","timestamp":"2026-01-01T17:50:38.084Z","level":"info","category":"PHOTO","message":"📷 Subiendo foto","details":{"filename":"BMW-iX3-2026-11-68bad2e46625a.jpg","size":"854.78 KB"}}
{"id":"1767289838087-6axx60f9y","timestamp":"2026-01-01T17:50:38.087Z","level":"success","category":"PHOTO","message":"✅ Foto subida","details":{"photoId":160,"filename":"BMW-iX3-2026-11-68bad2e46625a.jpg"}}
{"id":"1767289838097-qqc9czrpu","timestamp":"2026-01-01T17:50:38.097Z","level":"info","category":"PHOTO","message":"📷 Subiendo foto","details":{"filename":"BMW-iX3-2026-10-68bad2e1ee03f.jpg","size":"697.75 KB"}}
{"id":"1767289838099-usathnzly","timestamp":"2026-01-01T17:50:38.099Z","level":"success","category":"PHOTO","message":"✅ Foto subida","details":{"photoId":161,"filename":"BMW-iX3-2026-10-68bad2e1ee03f.jpg"}}
{"id":"1767289838103-dkwmuo6hw","timestamp":"2026-01-01T17:50:38.103Z","level":"info","category":"PHOTO","message":"📷 Subiendo foto","details":{"filename":"BMW-iX3-2026-17-68bad2f56d75a.jpg","size":"791.65 KB"}}
{"id":"1767289838105-jn7b6ebq8","timestamp":"2026-01-01T17:50:38.105Z","level":"success","category":"PHOTO","message":"✅ Foto subida","details":{"photoId":162,"filename":"BMW-iX3-2026-17-68bad2f56d75a.jpg"}}
{"id":"1767289838107-i3db0c9f9","timestamp":"2026-01-01T17:50:38.107Z","level":"info","category":"PHOTO","message":"📷 Subiendo foto","details":{"filename":"BMW-iX3-2026-9-68bad2df4ed33.jpg","size":"1007.71 KB"}}
{"id":"1767289838110-jy81r3zr1","timestamp":"2026-01-01T17:50:38.110Z","level":"success","category":"PHOTO","message":"✅ Foto subida","details":{"photoId":163,"filename":"BMW-iX3-2026-9-68bad2df4ed33.jpg"}}
{"id":"1767289845161-q99x2v977","timestamp":"2026-01-01T17:50:45.161Z","level":"info","category":"AUDIO","message":"🎤 Iniciando generación de audio"}
{"id":"1767289845163-oe2eeybv4","timestamp":"2026-01-01T17:50:45.163Z","level":"info","category":"AUDIO","message":"Datos validados","details":{"voiceId":"CwhRBWXzGAHq8TQ4Fs17","textLength":2669}}
{"id":"1767289845164-yqbfsty1s","timestamp":"2026-01-01T17:50:45.164Z","level":"info","category":"AUDIO","message":"Llamando a ElevenLabs API..."}
{"id":"1767289881121-g3y9kb2pf","timestamp":"2026-01-01T17:51:21.121Z","level":"success","category":"AUDIO","message":"Respuesta de ElevenLabs recibida"}
{"id":"1767289881125-2nzzfxyzg","timestamp":"2026-01-01T17:51:21.125Z","level":"info","category":"AUDIO","message":"Archivo de audio guardado","details":{"filename":"audio_5ZKvd02NNJGCqEKBEhtxr.mp3"}}
{"id":"1767289881192-6m0a5xqe4","timestamp":"2026-01-01T17:51:21.192Z","level":"info","category":"AUDIO","message":"Duración calculada","details":{"duration":"167s"}}
{"id":"1767289881195-js53p2i07","timestamp":"2026-01-01T17:51:21.195Z","level":"success","category":"AUDIO","message":"✅ Audio generado exitosamente","details":{"audioId":164,"duration":"167s"}}
{"id":"1767289961441-0r5rtxmyq","timestamp":"2026-01-01T17:52:41.441Z","level":"info","category":"VIDEO","message":"🎬 Iniciando generación de video","details":{"projectId":"fUMkHtW7HQER_M4W0ktLI"}}
{"id":"1767289961443-xpp4z6e59","timestamp":"2026-01-01T17:52:41.443Z","level":"info","category":"VIDEO","message":"Datos validados","details":{"photoCount":9,"audioId":164,"hasBackgroundMusic":false}}
{"id":"1767289961443-jp0q2pj72","timestamp":"2026-01-01T17:52:41.443Z","level":"success","category":"VIDEO","message":"Audio cargado","details":{"duration":167}}
{"id":"1767289961448-fp0qbd6bz","timestamp":"2026-01-01T17:52:41.448Z","level":"info","category":"VIDEO","message":"🚀 Generando video con 9 fotos (método rápido)"}
{"id":"1767289961450-hivvwojug","timestamp":"2026-01-01T17:52:41.450Z","level":"info","category":"FFMPEG","message":"⏳ Iniciando: Foto 1/9","details":{"timeout":"30s"}}
{"id":"1767289966959-sgduqpwoq","timestamp":"2026-01-01T17:52:46.959Z","level":"success","category":"FFMPEG","message":"✅ Foto 1/9 completado","details":{"duration":"5.51s"}}
{"id":"1767289966961-qsnua3rol","timestamp":"2026-01-01T17:52:46.961Z","level":"info","category":"FFMPEG","message":"⏳ Iniciando: Foto 2/9","details":{"timeout":"30s"}}
{"id":"1767289972904-7ocpekhn1","timestamp":"2026-01-01T17:52:52.904Z","level":"success","category":"FFMPEG","message":"✅ Foto 2/9 completado","details":{"duration":"5.94s"}}
{"id":"1767289972906-eweg8zmba","timestamp":"2026-01-01T17:52:52.906Z","level":"info","category":"FFMPEG","message":"⏳ Iniciando: Foto 3/9","details":{"timeout":"30s"}}
{"id":"1767289978445-o3jdp2cdw","timestamp":"2026-01-01T17:52:58.445Z","level":"success","category":"FFMPEG","message":"✅ Foto 3/9 completado","details":{"duration":"5.54s"}}
{"id":"1767289978446-is3eisqc4","timestamp":"2026-01-01T17:52:58.446Z","level":"info","category":"FFMPEG","message":"⏳ Iniciando: Foto 4/9","details":{"timeout":"30s"}}
{"id":"1767289985091-9vag0pjrb","timestamp":"2026-01-01T17:53:05.091Z","level":"success","category":"FFMPEG","message":"✅ Foto 4/9 completado","details":{"duration":"6.64s"}}
{"id":"1767289985093-40sx8k0p1","timestamp":"2026-01-01T17:53:05.093Z","level":"info","category":"FFMPEG","message":"⏳ Iniciando: Foto 5/9","details":{"timeout":"30s"}}
{"id":"1767289991082-0cbwoz02j","timestamp":"2026-01-01T17:53:11.082Z","level":"success","category":"FFMPEG","message":"✅ Foto 5/9 completado","details":{"duration":"5.99s"}}
{"id":"1767289991083-f565l08ef","timestamp":"2026-01-01T17:53:11.083Z","level":"info","category":"FFMPEG","message":"⏳ Iniciando: Foto 6/9","details":{"timeout":"30s"}}
{"id":"1767289997526-m7tvbom8e","timestamp":"2026-01-01T17:53:17.526Z","level":"success","category":"FFMPEG","message":"✅ Foto 6/9 completado","details":{"duration":"6.44s"}}
{"id":"1767289997528-6d5gj12d9","timestamp":"2026-01-01T17:53:17.528Z","level":"info","category":"FFMPEG","message":"⏳ Iniciando: Foto 7/9","details":{"timeout":"30s"}}
{"id":"1767290003134-w7bzcwgwp","timestamp":"2026-01-01T17:53:23.134Z","level":"success","category":"FFMPEG","message":"✅ Foto 7/9 completado","details":{"duration":"5.61s"}}
{"id":"1767290003135-cmtvrwfxu","timestamp":"2026-01-01T17:53:23.135Z","level":"info","category":"FFMPEG","message":"⏳ Iniciando: Foto 8/9","details":{"timeout":"30s"}}
{"id":"1767290009059-j2d9xilu4","timestamp":"2026-01-01T17:53:29.059Z","level":"success","category":"FFMPEG","message":"✅ Foto 8/9 completado","details":{"duration":"5.92s"}}
{"id":"1767290009060-2l6skqmkh","timestamp":"2026-01-01T17:53:29.060Z","level":"info","category":"FFMPEG","message":"⏳ Iniciando: Foto 9/9","details":{"timeout":"30s"}}
{"id":"1767290016296-zfgcgbl3f","timestamp":"2026-01-01T17:53:36.296Z","level":"success","category":"FFMPEG","message":"✅ Foto 9/9 completado","details":{"duration":"7.24s"}}
{"id":"1767290016298-9zgbcxqrs","timestamp":"2026-01-01T17:53:36.298Z","level":"info","category":"FFMPEG","message":"⏳ Iniciando: Concatenar","details":{"timeout":"30s"}}
{"id":"1767290016495-eoqrg11zj","timestamp":"2026-01-01T17:53:36.495Z","level":"success","category":"FFMPEG","message":"✅ Concatenar completado","details":{"duration":"0.20s"}}
{"id":"1767290016496-2w9mno6g5","timestamp":"2026-01-01T17:53:36.496Z","level":"info","category":"FFMPEG","message":"⏳ Iniciando: Añadir audio","details":{"timeout":"30s"}}
{"id":"1767290023652-me064yvp2","timestamp":"2026-01-01T17:53:43.652Z","level":"success","category":"FFMPEG","message":"✅ Añadir audio completado","details":{"duration":"7.16s"}}
{"id":"1767290023653-bz33pdejb","timestamp":"2026-01-01T17:53:43.653Z","level":"info","category":"FFMPEG","message":"⏳ Iniciando: Añadir logo","details":{"timeout":"60s"}}
{"id":"1767290029534-m1f5mtbj7","timestamp":"2026-01-01T17:53:49.534Z","level":"success","category":"FFMPEG","message":"✅ Añadir logo completado","details":{"duration":"5.88s"}}
{"id":"1767290029536-0nurmnkqy","timestamp":"2026-01-01T17:53:49.536Z","level":"info","category":"FFMPEG","message":"⏳ Iniciando: Añadir título","details":{"timeout":"60s"}}
{"id":"1767290035253-kklm5xgpk","timestamp":"2026-01-01T17:53:55.253Z","level":"success","category":"FFMPEG","message":"✅ Añadir título completado","details":{"duration":"5.72s"}}
{"id":"1767290035254-48apivr8u","timestamp":"2026-01-01T17:53:55.254Z","level":"success","category":"VIDEO","message":"Título agregado"}
{"id":"1767290035268-3fvil62do","timestamp":"2026-01-01T17:53:55.268Z","level":"success","category":"VIDEO","message":"Video generado con método rápido"}
{"id":"1767290035272-pdpoxupge","timestamp":"2026-01-01T17:53:55.272Z","level":"success","category":"VIDEO","message":"✅ Video generado exitosamente en 73.83s","details":{"videoId":165,"filename":"video_slszx1N5cD4GP579_w2FP.mp4","duration":"73.83s"}}
